// Jest Snapshot v1, https://jestjs.io/docs/snapshot-testing

exports[`@tempo-ui/Feedback/loader renders 1`] = `
<div>
  <span
    class="tempo-loader tempo-loader--light tempo-loader--circular tempo-loader--circular-large"
  >
    <span
      class="tempo-loader__progress--circular tempo-loader__progress--circular-large"
    />
  </span>
</div>
`;
